node.exe : (node:33128) 
ExperimentalWarning: 
CommonJS module C:\Users\S
udipta\AppData\Roaming\npm
\node_modules\npm\node_mod
ules\debug\src\node.js is 
loading ES Module C:\Users
\Sudipta\AppData\Roaming\n
pm\node_modules\npm\node_m
odules\supports-color\inde
x.js using require().
At C:\Program 
Files\nodejs\npx.ps1:29 
char:3
+   & $NODE_EXE 
$NPX_CLI_JS $args
+   ~~~~~~~~~~~~~~~~~~~~~~
~~~~~~~
    + CategoryInfo        
      : NotSpecified: ((  
  node:33128) Ex...sing   
  require().:String) [    
], RemoteException
    + FullyQualifiedError 
   Id : NativeCommandErr  
  or
 
Support for loading ES 
Module in require() is an 
experimental feature and 
might change at any time
(Use `node 
--trace-warnings ...` to 
show where the warning 
was created)
  Ôû▓ Next.js 14.2.16

   Creating an optimized production build ...
Failed to compile.

./lib/firebaseAdmin.ts
Module not found: Can't 
resolve 
'./serviceAccountKey.json'

https://nextjs.org/docs/me
ssages/module-not-found

Import trace for 
requested module:
./app/api/firestore-export
/route.ts


> Build failed because of 
webpack errors
