components/menu-edit-modal.tsx(4226,19): error TS1128: Declaration or statement expected.
components/menu-edit-modal.tsx(4227,17): error TS1128: Declaration or statement expected.
components/menu-edit-modal.tsx(4228,15): error TS1128: Declaration or statement expected.
components/menu-edit-modal.tsx(4229,13): error TS1128: Declaration or statement expected.
components/menu-edit-modal.tsx(4234,11): error TS1128: Declaration or statement expected.
components/menu-edit-modal.tsx(4235,9): error TS1128: Declaration or statement expected.
components/menu-edit-modal.tsx(4235,10): error TS1128: Declaration or statement expected.
components/menu-edit-modal.tsx(4241,7): error TS1128: Declaration or statement expected.
components/menu-edit-modal.tsx(4241,9): error TS1128: Declaration or statement expected.
components/menu-edit-modal.tsx(4244,5): error TS1128: Declaration or statement expected.
components/menu-edit-modal.tsx(4257,3): error TS1128: Declaration or statement expected.
components/menu-edit-modal.tsx(5907,1): error TS1128: Declaration or statement expected.
components/Untitled-1.ts(299,10): error TS1005: '>' expected.
components/Untitled-1.ts(299,19): error TS1005: ')' expected.
components/Untitled-1.ts(300,12): error TS1005: '>' expected.
components/Untitled-1.ts(300,21): error TS1005: ';' expected.
components/Untitled-1.ts(301,14): error TS1005: '>' expected.
components/Untitled-1.ts(301,23): error TS1005: ';' expected.
components/Untitled-1.ts(303,17): error TS1005: '>' expected.
components/Untitled-1.ts(303,26): error TS1005: ';' expected.
components/Untitled-1.ts(304,25): error TS1005: '>' expected.
components/Untitled-1.ts(304,34): error TS1005: ';' expected.
components/Untitled-1.ts(304,61): error TS1109: Expression expected.
components/Untitled-1.ts(305,20): error TS1005: ';' expected.
components/Untitled-1.ts(306,14): error TS1161: Unterminated regular expression literal.
components/Untitled-1.ts(307,16): error TS1005: ';' expected.
components/Untitled-1.ts(308,29): error TS1005: ',' expected.
components/Untitled-1.ts(308,38): error TS1005: ';' expected.
components/Untitled-1.ts(309,14): error TS1161: Unterminated regular expression literal.
components/Untitled-1.ts(310,12): error TS1161: Unterminated regular expression literal.
components/Untitled-1.ts(311,19): error TS1005: ';' expected.
components/Untitled-1.ts(311,37): error TS1005: ';' expected.
components/Untitled-1.ts(311,83): error TS1005: ';' expected.
components/Untitled-1.ts(312,16): error TS1005: '>' expected.
components/Untitled-1.ts(312,25): error TS1005: ';' expected.
components/Untitled-1.ts(312,37): error TS1109: Expression expected.
components/Untitled-1.ts(313,12): error TS1110: Type expected.
components/Untitled-1.ts(314,10): error TS1161: Unterminated regular expression literal.
components/Untitled-1.ts(315,14): error TS1005: ';' expected.
components/Untitled-1.ts(317,13): error TS1003: Identifier expected.
components/Untitled-1.ts(317,18): error TS1005: ',' expected.
components/Untitled-1.ts(318,24): error TS1005: '>' expected.
components/Untitled-1.ts(318,33): error TS1005: ',' expected.
components/Untitled-1.ts(318,34): error TS1003: Identifier expected.
components/Untitled-1.ts(318,72): error TS1138: Parameter declaration expected.
components/Untitled-1.ts(318,73): error TS1109: Expression expected.
components/Untitled-1.ts(319,14): error TS1110: Type expected.
components/Untitled-1.ts(320,11): error TS1128: Declaration or statement expected.
components/Untitled-1.ts(320,13): error TS1005: ',' expected.
components/Untitled-1.ts(320,15): error TS1134: Variable declaration expected.
components/Untitled-1.ts(328,22): error TS1005: '>' expected.
components/Untitled-1.ts(328,25): error TS1005: ')' expected.
components/Untitled-1.ts(328,35): error TS1005: ';' expected.
components/Untitled-1.ts(329,26): error TS1005: '>' expected.
components/Untitled-1.ts(329,35): error TS1005: ';' expected.
components/Untitled-1.ts(329,90): error TS1005: ',' expected.
components/Untitled-1.ts(329,97): error TS1161: Unterminated regular expression literal.
components/Untitled-1.ts(333,26): error TS1005: '>' expected.
components/Untitled-1.ts(333,35): error TS1005: ')' expected.
components/Untitled-1.ts(334,26): error TS1005: '>' expected.
components/Untitled-1.ts(334,35): error TS1005: ';' expected.
components/Untitled-1.ts(334,84): error TS1005: ';' expected.
components/Untitled-1.ts(334,97): error TS1110: Type expected.
components/Untitled-1.ts(335,28): error TS1005: ';' expected.
components/Untitled-1.ts(336,38): error TS1005: ',' expected.
components/Untitled-1.ts(338,29): error TS1005: '>' expected.
components/Untitled-1.ts(338,32): error TS1005: ')' expected.
components/Untitled-1.ts(339,29): error TS1005: ',' expected.
components/Untitled-1.ts(340,29): error TS1005: ',' expected.
components/Untitled-1.ts(340,38): error TS1136: Property assignment expected.
components/Untitled-1.ts(340,41): error TS1005: ',' expected.
components/Untitled-1.ts(340,81): error TS1005: ',' expected.
components/Untitled-1.ts(343,31): error TS1005: '>' expected.
components/Untitled-1.ts(343,35): error TS1005: ';' expected.
components/Untitled-1.ts(344,37): error TS1136: Property assignment expected.
components/Untitled-1.ts(345,53): error TS1005: ',' expected.
components/Untitled-1.ts(346,31): error TS1005: ',' expected.
components/Untitled-1.ts(346,41): error TS1136: Property assignment expected.
components/Untitled-1.ts(346,44): error TS1005: ',' expected.
components/Untitled-1.ts(346,84): error TS1005: ',' expected.
components/Untitled-1.ts(348,30): error TS1109: Expression expected.
components/Untitled-1.ts(349,34): error TS1005: '>' expected.
components/Untitled-1.ts(349,43): error TS1005: ',' expected.
components/Untitled-1.ts(350,34): error TS1005: '>' expected.
components/Untitled-1.ts(350,43): error TS1005: ',' expected.
components/Untitled-1.ts(350,87): error TS1161: Unterminated regular expression literal.
components/Untitled-1.ts(351,30): error TS1161: Unterminated regular expression literal.
components/Untitled-1.ts(353,31): error TS1005: ',' expected.
components/Untitled-1.ts(353,40): error TS1136: Property assignment expected.
components/Untitled-1.ts(353,44): error TS1005: ',' expected.
components/Untitled-1.ts(354,34): error TS1005: ',' expected.
components/Untitled-1.ts(355,33): error TS1005: ',' expected.
components/Untitled-1.ts(356,32): error TS1005: ',' expected.
components/Untitled-1.ts(359,34): error TS1005: '>' expected.
components/Untitled-1.ts(359,43): error TS1005: ',' expected.
components/Untitled-1.ts(359,55): error TS1109: Expression expected.
components/Untitled-1.ts(360,30): error TS1110: Type expected.
components/Untitled-1.ts(361,28): error TS1161: Unterminated regular expression literal.
components/Untitled-1.ts(362,27): error TS1128: Declaration or statement expected.
components/Untitled-1.ts(363,24): error TS1110: Type expected.
components/Untitled-1.ts(364,22): error TS1161: Unterminated regular expression literal.
components/Untitled-1.ts(365,19): error TS1128: Declaration or statement expected.
components/Untitled-1.ts(365,20): error TS1128: Declaration or statement expected.
components/Untitled-1.ts(368,24): error TS1005: '>' expected.
components/Untitled-1.ts(368,33): error TS1005: ';' expected.
components/Untitled-1.ts(369,24): error TS1005: '>' expected.
components/Untitled-1.ts(369,33): error TS1005: ';' expected.
components/Untitled-1.ts(369,79): error TS1005: ';' expected.
components/Untitled-1.ts(369,96): error TS1110: Type expected.
components/Untitled-1.ts(370,26): error TS1005: ';' expected.
components/Untitled-1.ts(372,25): error TS1005: '>' expected.
components/Untitled-1.ts(372,29): error TS1005: ';' expected.
components/Untitled-1.ts(374,52): error TS1005: ',' expected.
components/Untitled-1.ts(374,61): error TS1005: ':' expected.
components/Untitled-1.ts(375,35): error TS1136: Property assignment expected.
components/Untitled-1.ts(375,39): error TS1005: ';' expected.
components/Untitled-1.ts(380,25): error TS1128: Declaration or statement expected.
components/Untitled-1.ts(382,37): error TS1136: Property assignment expected.
components/Untitled-1.ts(382,41): error TS1005: ';' expected.
components/Untitled-1.ts(386,26): error TS1128: Declaration or statement expected.
components/Untitled-1.ts(387,23): error TS1161: Unterminated regular expression literal.
components/Untitled-1.ts(390,34): error TS1136: Property assignment expected.
components/Untitled-1.ts(390,37): error TS1005: ';' expected.
components/Untitled-1.ts(390,68): error TS1128: Declaration or statement expected.
components/Untitled-1.ts(393,31): error TS1005: '>' expected.
components/Untitled-1.ts(393,40): error TS1005: ';' expected.
components/Untitled-1.ts(393,52): error TS1109: Expression expected.
components/Untitled-1.ts(394,24): error TS1110: Type expected.
components/Untitled-1.ts(395,22): error TS1161: Unterminated regular expression literal.
components/Untitled-1.ts(396,20): error TS1161: Unterminated regular expression literal.
components/Untitled-1.ts(397,18): error TS1161: Unterminated regular expression literal.
components/Untitled-1.ts(398,15): error TS1128: Declaration or statement expected.
components/Untitled-1.ts(399,13): error TS1128: Declaration or statement expected.
components/Untitled-1.ts(399,14): error TS1128: Declaration or statement expected.
components/Untitled-1.ts(400,11): error TS1128: Declaration or statement expected.
components/Untitled-1.ts(400,12): error TS1128: Declaration or statement expected.
components/Untitled-1.ts(401,10): error TS1110: Type expected.
components/Untitled-1.ts(402,14): error TS1005: ';' expected.
components/Untitled-1.ts(403,19): error TS1005: '>' expected.
components/Untitled-1.ts(403,26): error TS1005: ';' expected.
components/Untitled-1.ts(403,37): error TS1005: ';' expected.
components/Untitled-1.ts(405,12): error TS1161: Unterminated regular expression literal.
components/Untitled-1.ts(406,19): error TS1005: ';' expected.
components/Untitled-1.ts(406,40): error TS1005: ';' expected.
components/Untitled-1.ts(406,59): error TS1005: ';' expected.
components/Untitled-1.ts(407,33): error TS1005: ',' expected.
components/Untitled-1.ts(407,71): error TS1005: ',' expected.
components/Untitled-1.ts(407,72): error TS1109: Expression expected.
components/Untitled-1.ts(407,74): error TS1109: Expression expected.
components/Untitled-1.ts(407,80): error TS1128: Declaration or statement expected.
components/Untitled-1.ts(408,13): error TS1434: Unexpected keyword or identifier.
components/Untitled-1.ts(408,18): error TS1434: Unexpected keyword or identifier.
components/Untitled-1.ts(409,12): error TS1161: Unterminated regular expression literal.
components/Untitled-1.ts(410,10): error TS1161: Unterminated regular expression literal.
components/Untitled-1.ts(411,8): error TS1161: Unterminated regular expression literal.
components/Untitled-1.ts(412,6): error TS1161: Unterminated regular expression literal.
components/Untitled-1.ts(413,3): error TS1128: Declaration or statement expected.
components/Untitled-1.ts(414,1): error TS1128: Declaration or statement expected.
components/Untitled-1.ts(414,2): error TS1128: Declaration or statement expected.
components/Untitled-1.ts(578,6): error TS1110: Type expected.
components/Untitled-1.ts(580,7): error TS1005: '>' expected.
components/Untitled-1.ts(580,14): error TS1005: ')' expected.
components/Untitled-1.ts(580,16): error TS1136: Property assignment expected.
components/Untitled-1.ts(580,19): error TS1005: ';' expected.
components/Untitled-1.ts(580,34): error TS1128: Declaration or statement expected.
components/Untitled-1.ts(581,21): error TS1136: Property assignment expected.
components/Untitled-1.ts(581,24): error TS1005: ';' expected.
components/Untitled-1.ts(581,87): error TS1128: Declaration or statement expected.
components/Untitled-1.ts(582,19): error TS1136: Property assignment expected.
components/Untitled-1.ts(585,10): error TS1128: Declaration or statement expected.
components/Untitled-1.ts(586,5): error TS1109: Expression expected.
components/Untitled-1.ts(587,14): error TS1005: '>' expected.
components/Untitled-1.ts(587,23): error TS1005: ';' expected.
components/Untitled-1.ts(590,16): error TS1005: ';' expected.
components/Untitled-1.ts(591,33): error TS1005: ',' expected.
components/Untitled-1.ts(596,19): error TS1005: '>' expected.
components/Untitled-1.ts(596,22): error TS1005: ')' expected.
components/Untitled-1.ts(599,25): error TS1005: '>' expected.
components/Untitled-1.ts(599,34): error TS1005: ';' expected.
components/Untitled-1.ts(599,91): error TS1005: ',' expected.
components/Untitled-1.ts(599,98): error TS1161: Unterminated regular expression literal.
components/Untitled-1.ts(602,23): error TS1005: '>' expected.
components/Untitled-1.ts(602,30): error TS1005: ')' expected.
components/Untitled-1.ts(608,26): error TS1005: '>' expected.
components/Untitled-1.ts(608,35): error TS1005: ';' expected.
components/Untitled-1.ts(608,47): error TS1109: Expression expected.
components/Untitled-1.ts(609,22): error TS1110: Type expected.
components/Untitled-1.ts(610,19): error TS1128: Declaration or statement expected.
components/Untitled-1.ts(611,18): error TS1161: Unterminated regular expression literal.
components/Untitled-1.ts(612,15): error TS1128: Declaration or statement expected.
components/Untitled-1.ts(613,13): error TS1128: Declaration or statement expected.
components/Untitled-1.ts(613,14): error TS1128: Declaration or statement expected.
components/Untitled-1.ts(613,15): error TS1128: Declaration or statement expected.
components/Untitled-1.ts(614,12): error TS1110: Type expected.
components/Untitled-1.ts(618,18): error TS1005: '>' expected.
components/Untitled-1.ts(618,27): error TS1005: ')' expected.
components/Untitled-1.ts(620,20): error TS1005: ';' expected.
components/Untitled-1.ts(620,56): error TS1005: ';' expected.
components/Untitled-1.ts(622,22): error TS1005: ';' expected.
components/Untitled-1.ts(624,21): error TS1005: '>' expected.
components/Untitled-1.ts(624,28): error TS1005: ';' expected.
components/Untitled-1.ts(632,27): error TS1005: '>' expected.
components/Untitled-1.ts(632,36): error TS1005: ';' expected.
components/Untitled-1.ts(632,48): error TS1109: Expression expected.
components/Untitled-1.ts(633,20): error TS1110: Type expected.
components/Untitled-1.ts(637,26): error TS1005: '>' expected.
components/Untitled-1.ts(637,35): error TS1005: ')' expected.
components/Untitled-1.ts(639,28): error TS1005: ';' expected.
components/Untitled-1.ts(640,30): error TS1005: '>' expected.
components/Untitled-1.ts(640,39): error TS1005: ';' expected.
components/Untitled-1.ts(641,35): error TS1005: '>' expected.
components/Untitled-1.ts(641,44): error TS1005: ';' expected.
components/Untitled-1.ts(641,94): error TS1109: Expression expected.
components/Untitled-1.ts(643,29): error TS1005: '>' expected.
components/Untitled-1.ts(643,33): error TS1005: ';' expected.
components/Untitled-1.ts(646,39): error TS1136: Property assignment expected.
components/Untitled-1.ts(646,43): error TS1005: ';' expected.
components/Untitled-1.ts(649,38): error TS1136: Property assignment expected.
components/Untitled-1.ts(649,42): error TS1005: ';' expected.
components/Untitled-1.ts(650,27): error TS1161: Unterminated regular expression literal.
components/Untitled-1.ts(651,26): error TS1161: Unterminated regular expression literal.
components/Untitled-1.ts(652,24): error TS1161: Unterminated regular expression literal.
components/Untitled-1.ts(655,28): error TS1005: '>' expected.
components/Untitled-1.ts(655,37): error TS1005: ';' expected.
components/Untitled-1.ts(656,35): error TS1005: ',' expected.
components/Untitled-1.ts(659,31): error TS1005: '>' expected.
components/Untitled-1.ts(659,34): error TS1005: ')' expected.
components/Untitled-1.ts(659,40): error TS1005: ',' expected.
components/Untitled-1.ts(660,31): error TS1005: ',' expected.
components/Untitled-1.ts(660,40): error TS1136: Property assignment expected.
components/Untitled-1.ts(660,44): error TS1005: ',' expected.
components/Untitled-1.ts(661,34): error TS1005: ',' expected.
components/Untitled-1.ts(662,33): error TS1005: ',' expected.
components/Untitled-1.ts(662,47): error TS1005: ',' expected.
components/Untitled-1.ts(662,50): error TS1005: ',' expected.
components/Untitled-1.ts(663,31): error TS1005: ')' expected.
components/Untitled-1.ts(663,32): error TS1128: Declaration or statement expected.
components/Untitled-1.ts(666,37): error TS1005: '>' expected.
components/Untitled-1.ts(666,46): error TS1005: ';' expected.
components/Untitled-1.ts(666,80): error TS1005: ',' expected.
components/Untitled-1.ts(666,87): error TS1161: Unterminated regular expression literal.
components/Untitled-1.ts(667,44): error TS1005: ';' expected.
components/Untitled-1.ts(667,114): error TS1109: Expression expected.
components/Untitled-1.ts(668,30): error TS1110: Type expected.
components/Untitled-1.ts(669,27): error TS1128: Declaration or statement expected.
components/Untitled-1.ts(669,28): error TS1128: Declaration or statement expected.
components/Untitled-1.ts(670,25): error TS1128: Declaration or statement expected.
components/Untitled-1.ts(670,27): error TS1128: Declaration or statement expected.
components/Untitled-1.ts(672,29): error TS1005: '>' expected.
components/Untitled-1.ts(672,36): error TS1005: ')' expected.
components/Untitled-1.ts(672,38): error TS1136: Property assignment expected.
components/Untitled-1.ts(672,42): error TS1005: ':' expected.
components/Untitled-1.ts(675,30): error TS1128: Declaration or statement expected.
components/Untitled-1.ts(679,31): error TS1003: Identifier expected.
components/Untitled-1.ts(679,32): error TS1138: Parameter declaration expected.
components/Untitled-1.ts(680,42): error TS1005: '>' expected.
components/Untitled-1.ts(680,51): error TS1005: ';' expected.
components/Untitled-1.ts(680,76): error TS1109: Expression expected.
components/Untitled-1.ts(681,41): error TS1005: ';' expected.
components/Untitled-1.ts(682,32): error TS1110: Type expected.
components/Untitled-1.ts(683,29): error TS1128: Declaration or statement expected.
components/Untitled-1.ts(683,31): error TS1128: Declaration or statement expected.
components/Untitled-1.ts(684,32): error TS1110: Type expected.
components/Untitled-1.ts(685,39): error TS1005: '>' expected.
components/Untitled-1.ts(685,48): error TS1005: ')' expected.
components/Untitled-1.ts(685,60): error TS1109: Expression expected.
components/Untitled-1.ts(686,40): error TS1005: ';' expected.
components/Untitled-1.ts(687,32): error TS1161: Unterminated regular expression literal.
components/Untitled-1.ts(688,29): error TS1128: Declaration or statement expected.
components/Untitled-1.ts(688,30): error TS1128: Declaration or statement expected.
components/Untitled-1.ts(689,28): error TS1110: Type expected.
components/Untitled-1.ts(690,25): error TS1128: Declaration or statement expected.
components/Untitled-1.ts(690,27): error TS1128: Declaration or statement expected.
components/Untitled-1.ts(691,32): error TS1005: '>' expected.
components/Untitled-1.ts(691,41): error TS1005: ')' expected.
components/Untitled-1.ts(691,88): error TS1005: ';' expected.
components/Untitled-1.ts(691,95): error TS1434: Unexpected keyword or identifier.
components/Untitled-1.ts(691,105): error TS1161: Unterminated regular expression literal.
components/Untitled-1.ts(692,25): error TS1128: Declaration or statement expected.
components/Untitled-1.ts(692,26): error TS1128: Declaration or statement expected.
components/Untitled-1.ts(693,24): error TS1110: Type expected.
components/Untitled-1.ts(694,22): error TS1161: Unterminated regular expression literal.
components/Untitled-1.ts(695,19): error TS1128: Declaration or statement expected.
components/Untitled-1.ts(695,20): error TS1128: Declaration or statement expected.
components/Untitled-1.ts(696,18): error TS1110: Type expected.
components/Untitled-1.ts(699,22): error TS1005: '>' expected.
components/Untitled-1.ts(699,31): error TS1005: ';' expected.
components/Untitled-1.ts(701,21): error TS1005: '>' expected.
components/Untitled-1.ts(701,28): error TS1005: ';' expected.
components/Untitled-1.ts(706,32): error TS1136: Property assignment expected.
components/Untitled-1.ts(708,23): error TS1128: Declaration or statement expected.
components/Untitled-1.ts(711,32): error TS1005: '>' expected.
components/Untitled-1.ts(711,41): error TS1005: ';' expected.
components/Untitled-1.ts(711,53): error TS1109: Expression expected.
components/Untitled-1.ts(712,20): error TS1110: Type expected.
components/Untitled-1.ts(716,26): error TS1005: '>' expected.
components/Untitled-1.ts(716,35): error TS1005: ')' expected.
components/Untitled-1.ts(717,30): error TS1005: '>' expected.
components/Untitled-1.ts(717,39): error TS1005: ';' expected.
components/Untitled-1.ts(718,33): error TS1005: '>' expected.
components/Untitled-1.ts(718,42): error TS1005: ';' expected.
components/Untitled-1.ts(719,44): error TS1005: '>' expected.
components/Untitled-1.ts(719,53): error TS1005: ';' expected.
components/Untitled-1.ts(719,65): error TS1109: Expression expected.
components/Untitled-1.ts(720,42): error TS1005: ';' expected.
components/Untitled-1.ts(720,71): error TS1005: ',' expected.
components/Untitled-1.ts(721,30): error TS1161: Unterminated regular expression literal.
components/Untitled-1.ts(722,26): error TS1161: Unterminated regular expression literal.
components/Untitled-1.ts(723,30): error TS1005: ';' expected.
components/Untitled-1.ts(724,47): error TS1005: ',' expected.
components/Untitled-1.ts(726,42): error TS1005: '>' expected.
components/Untitled-1.ts(726,45): error TS1005: ')' expected.
components/Untitled-1.ts(726,52): error TS1005: ',' expected.
components/Untitled-1.ts(727,46): error TS1005: '>' expected.
components/Untitled-1.ts(727,55): error TS1005: ',' expected.
components/Untitled-1.ts(727,97): error TS1005: ',' expected.
components/Untitled-1.ts(727,111): error TS1161: Unterminated regular expression literal.
components/Untitled-1.ts(728,46): error TS1005: ',' expected.
components/Untitled-1.ts(728,89): error TS1005: ',' expected.
components/Untitled-1.ts(728,104): error TS1161: Unterminated regular expression literal.
components/Untitled-1.ts(729,38): error TS1161: Unterminated regular expression literal.
components/Untitled-1.ts(731,29): error TS1005: ':' expected.
components/Untitled-1.ts(731,31): error TS1136: Property assignment expected.
components/Untitled-1.ts(731,33): error TS1136: Property assignment expected.
components/Untitled-1.ts(732,38): error TS1005: '>' expected.
components/Untitled-1.ts(732,47): error TS1005: ',' expected.
components/Untitled-1.ts(733,40): error TS1005: ',' expected.
components/Untitled-1.ts(733,50): error TS1005: ',' expected.
components/Untitled-1.ts(733,59): error TS1005: ',' expected.
components/Untitled-1.ts(733,62): error TS1005: ',' expected.
components/Untitled-1.ts(733,67): error TS1005: ',' expected.
components/Untitled-1.ts(733,72): error TS1005: ',' expected.
components/Untitled-1.ts(733,75): error TS1005: ',' expected.
components/Untitled-1.ts(734,33): error TS1003: Identifier expected.
components/Untitled-1.ts(734,34): error TS1161: Unterminated regular expression literal.
components/Untitled-1.ts(736,26): error TS1110: Type expected.
components/Untitled-1.ts(737,22): error TS1161: Unterminated regular expression literal.
components/Untitled-1.ts(738,20): error TS1128: Declaration or statement expected.
components/Untitled-1.ts(738,21): error TS1128: Declaration or statement expected.
components/Untitled-1.ts(739,18): error TS1110: Type expected.
components/Untitled-1.ts(743,19): error TS1005: '>' expected.
components/Untitled-1.ts(743,26): error TS1005: ';' expected.
components/Untitled-1.ts(747,48): error TS1005: ',' expected.
components/Untitled-1.ts(748,30): error TS1136: Property assignment expected.
components/Untitled-1.ts(752,21): error TS1128: Declaration or statement expected.
components/Untitled-1.ts(753,45): error TS1005: ',' expected.
components/Untitled-1.ts(755,29): error TS1005: '>' expected.
components/Untitled-1.ts(755,38): error TS1005: ';' expected.
components/Untitled-1.ts(755,50): error TS1109: Expression expected.
components/Untitled-1.ts(756,18): error TS1110: Type expected.
components/Untitled-1.ts(757,16): error TS1161: Unterminated regular expression literal.
components/Untitled-1.ts(759,20): error TS1005: ';' expected.
components/Untitled-1.ts(759,61): error TS1110: Type expected.
components/Untitled-1.ts(762,20): error TS1005: '>' expected.
components/Untitled-1.ts(762,29): error TS1005: ';' expected.
components/Untitled-1.ts(764,19): error TS1005: '>' expected.
components/Untitled-1.ts(764,26): error TS1005: ';' expected.
components/Untitled-1.ts(771,34): error TS1005: '>' expected.
components/Untitled-1.ts(771,43): error TS1005: ';' expected.
components/Untitled-1.ts(771,59): error TS1109: Expression expected.
components/Untitled-1.ts(772,18): error TS1110: Type expected.
components/Untitled-1.ts(774,28): error TS1136: Property assignment expected.
components/Untitled-1.ts(774,32): error TS1005: ';' expected.
components/Untitled-1.ts(777,20): error TS1128: Declaration or statement expected.
components/Untitled-1.ts(778,29): error TS1136: Property assignment expected.
components/Untitled-1.ts(778,30): error TS1005: ';' expected.
components/Untitled-1.ts(778,38): error TS1128: Declaration or statement expected.
components/Untitled-1.ts(779,30): error TS1136: Property assignment expected.
components/Untitled-1.ts(779,129): error TS1128: Declaration or statement expected.
components/Untitled-1.ts(782,35): error TS1005: '>' expected.
components/Untitled-1.ts(782,44): error TS1005: ';' expected.
components/Untitled-1.ts(782,60): error TS1109: Expression expected.
components/Untitled-1.ts(783,18): error TS1110: Type expected.
components/Untitled-1.ts(786,30): error TS1136: Property assignment expected.
components/Untitled-1.ts(786,180): error TS1128: Declaration or statement expected.
components/Untitled-1.ts(789,35): error TS1005: '>' expected.
components/Untitled-1.ts(789,44): error TS1005: ';' expected.
components/Untitled-1.ts(789,60): error TS1109: Expression expected.
components/Untitled-1.ts(790,18): error TS1110: Type expected.
components/Untitled-1.ts(791,16): error TS1161: Unterminated regular expression literal.
components/Untitled-1.ts(792,14): error TS1161: Unterminated regular expression literal.
components/Untitled-1.ts(793,11): error TS1128: Declaration or statement expected.
components/Untitled-1.ts(793,12): error TS1128: Declaration or statement expected.
components/Untitled-1.ts(794,10): error TS1110: Type expected.
components/Untitled-1.ts(795,8): error TS1161: Unterminated regular expression literal.
components/Untitled-1.ts(799,9): error TS1005: '>' expected.
components/Untitled-1.ts(799,15): error TS1005: ';' expected.
components/Untitled-1.ts(800,18): error TS1136: Property assignment expected.
components/Untitled-1.ts(800,21): error TS1005: ';' expected.
components/Untitled-1.ts(800,47): error TS1128: Declaration or statement expected.
components/Untitled-1.ts(803,78): error TS1005: '{' expected.
components/Untitled-1.ts(803,81): error TS1136: Property assignment expected.
components/Untitled-1.ts(806,10): error TS1128: Declaration or statement expected.
components/Untitled-1.ts(807,7): error TS1161: Unterminated regular expression literal.
components/Untitled-1.ts(808,6): error TS1161: Unterminated regular expression literal.
components/Untitled-1.ts(809,3): error TS1128: Declaration or statement expected.
components/Untitled-1.ts(810,1): error TS1128: Declaration or statement expected.
components/Untitled-1.ts(810,2): error TS1128: Declaration or statement expected.
components/Untitled-1.ts(971,12): error TS1005: '>' expected.
components/Untitled-1.ts(971,15): error TS1005: ')' expected.
components/Untitled-1.ts(971,27): error TS1005: ';' expected.
components/Untitled-1.ts(972,13): error TS1005: '>' expected.
components/Untitled-1.ts(972,22): error TS1005: ';' expected.
components/Untitled-1.ts(972,88): error TS1005: ',' expected.
components/Untitled-1.ts(972,95): error TS1161: Unterminated regular expression literal.
components/Untitled-1.ts(973,14): error TS1005: ';' expected.
components/Untitled-1.ts(974,23): error TS1005: ',' expected.
components/Untitled-1.ts(976,15): error TS1005: '>' expected.
components/Untitled-1.ts(976,18): error TS1005: ')' expected.
components/Untitled-1.ts(976,30): error TS1005: ',' expected.
components/Untitled-1.ts(977,15): error TS1005: ',' expected.
components/Untitled-1.ts(977,24): error TS1136: Property assignment expected.
components/Untitled-1.ts(977,27): error TS1005: ',' expected.
components/Untitled-1.ts(977,63): error TS1128: Declaration or statement expected.
components/Untitled-1.ts(980,26): error TS1005: ',' expected.
components/Untitled-1.ts(981,14): error TS1161: Unterminated regular expression literal.
components/Untitled-1.ts(982,11): error TS1128: Declaration or statement expected.
components/Untitled-1.ts(982,12): error TS1128: Declaration or statement expected.
components/Untitled-1.ts(982,13): error TS1128: Declaration or statement expected.
components/Untitled-1.ts(983,10): error TS1110: Type expected.
components/Untitled-1.ts(984,8): error TS1161: Unterminated regular expression literal.
components/Untitled-1.ts(985,5): error TS1128: Declaration or statement expected.
components/Untitled-1.ts(986,3): error TS1128: Declaration or statement expected.
components/Untitled-1.ts(989,10): error TS1005: '>' expected.
components/Untitled-1.ts(989,13): error TS1005: ')' expected.
components/Untitled-1.ts(989,25): error TS1005: ';' expected.
components/Untitled-1.ts(990,12): error TS1005: '>' expected.
components/Untitled-1.ts(990,21): error TS1005: ';' expected.
components/Untitled-1.ts(991,13): error TS1005: '>' expected.
components/Untitled-1.ts(991,22): error TS1005: ';' expected.
components/Untitled-1.ts(991,90): error TS1005: ',' expected.
components/Untitled-1.ts(991,97): error TS1161: Unterminated regular expression literal.
components/Untitled-1.ts(992,17): error TS1005: ';' expected.
components/Untitled-1.ts(992,35): error TS1005: ';' expected.
components/Untitled-1.ts(992,45): error TS1005: ';' expected.
components/Untitled-1.ts(992,54): error TS1136: Property assignment expected.
components/Untitled-1.ts(992,57): error TS1005: ';' expected.
components/Untitled-1.ts(992,82): error TS1128: Declaration or statement expected.
components/Untitled-1.ts(993,22): error TS1005: '>' expected.
components/Untitled-1.ts(993,31): error TS1005: ';' expected.
components/Untitled-1.ts(993,48): error TS1109: Expression expected.
components/Untitled-1.ts(994,16): error TS1005: ';' expected.
components/Untitled-1.ts(995,10): error TS1161: Unterminated regular expression literal.
components/Untitled-1.ts(996,8): error TS1161: Unterminated regular expression literal.
components/Untitled-1.ts(998,14): error TS1005: '>' expected.
components/Untitled-1.ts(998,23): error TS1005: ')' expected.
components/Untitled-1.ts(999,20): error TS1005: '>' expected.
components/Untitled-1.ts(999,29): error TS1005: ':' expected.
components/Untitled-1.ts(999,68): error TS1109: Expression expected.
components/Untitled-1.ts(1000,10): error TS1110: Type expected.
components/Untitled-1.ts(1001,7): error TS1128: Declaration or statement expected.
components/Untitled-1.ts(1001,9): error TS1128: Declaration or statement expected.
components/Untitled-1.ts(1002,14): error TS1005: '>' expected.
components/Untitled-1.ts(1002,23): error TS1005: ')' expected.
components/Untitled-1.ts(1003,18): error TS1005: '>' expected.
components/Untitled-1.ts(1003,27): error TS1005: ';' expected.
components/Untitled-1.ts(1006,21): error TS1005: '>' expected.
components/Untitled-1.ts(1006,30): error TS1005: ';' expected.
components/Untitled-1.ts(1007,24): error TS1005: ';' expected.
components/Untitled-1.ts(1007,35): error TS1005: ';' expected.
components/Untitled-1.ts(1008,18): error TS1161: Unterminated regular expression literal.
components/Untitled-1.ts(1010,23): error TS1005: '>' expected.
components/Untitled-1.ts(1010,26): error TS1005: ')' expected.
components/Untitled-1.ts(1010,34): error TS1005: ',' expected.
components/Untitled-1.ts(1011,26): error TS1005: '>' expected.
components/Untitled-1.ts(1011,35): error TS1005: ',' expected.
components/Untitled-1.ts(1012,28): error TS1005: ':' expected.
components/Untitled-1.ts(1013,22): error TS1161: Unterminated regular expression literal.
components/Untitled-1.ts(1014,26): error TS1005: ',' expected.
components/Untitled-1.ts(1014,76): error TS1005: ',' expected.
components/Untitled-1.ts(1014,94): error TS1161: Unterminated regular expression literal.
components/Untitled-1.ts(1015,20): error TS1161: Unterminated regular expression literal.
components/Untitled-1.ts(1016,18): error TS1005: ';' expected.
components/Untitled-1.ts(1017,16): error TS1110: Type expected.
components/Untitled-1.ts(1018,14): error TS1161: Unterminated regular expression literal.
components/Untitled-1.ts(1022,23): error TS1005: '>' expected.
components/Untitled-1.ts(1022,26): error TS1005: ')' expected.
components/Untitled-1.ts(1022,28): error TS1136: Property assignment expected.
components/Untitled-1.ts(1022,62): error TS1005: ',' expected.
components/Untitled-1.ts(1022,63): error TS1109: Expression expected.
components/Untitled-1.ts(1023,25): error TS1005: '>' expected.
components/Untitled-1.ts(1023,34): error TS1005: ';' expected.
components/Untitled-1.ts(1025,25): error TS1005: '>' expected.
components/Untitled-1.ts(1025,34): error TS1005: ';' expected.
components/Untitled-1.ts(1026,32): error TS1136: Property assignment expected.
components/Untitled-1.ts(1027,23): error TS1161: Unterminated regular expression literal.
components/Untitled-1.ts(1028,28): error TS1005: ';' expected.
components/Untitled-1.ts(1029,30): error TS1005: ',' expected.
components/Untitled-1.ts(1029,44): error TS1005: '>' expected.
components/Untitled-1.ts(1029,53): error TS1005: ';' expected.
components/Untitled-1.ts(1029,108): error TS1005: ',' expected.
components/Untitled-1.ts(1029,115): error TS1161: Unterminated regular expression literal.
components/Untitled-1.ts(1029,120): error TS1128: Declaration or statement expected.
components/Untitled-1.ts(1030,30): error TS1005: '>' expected.
components/Untitled-1.ts(1030,39): error TS1005: ';' expected.
components/Untitled-1.ts(1030,82): error TS1005: ',' expected.
components/Untitled-1.ts(1030,89): error TS1161: Unterminated regular expression literal.
components/Untitled-1.ts(1031,24): error TS1161: Unterminated regular expression literal.
components/Untitled-1.ts(1032,22): error TS1161: Unterminated regular expression literal.
components/Untitled-1.ts(1071,27): error TS1005: '>' expected.
components/Untitled-1.ts(1071,30): error TS1005: ')' expected.
components/Untitled-1.ts(1079,38): error TS1136: Property assignment expected.
components/Untitled-1.ts(1079,47): error TS1005: ';' expected.
components/Untitled-1.ts(1080,27): error TS1005: ',' expected.
components/Untitled-1.ts(1080,41): error TS1136: Property assignment expected.
components/Untitled-1.ts(1080,50): error TS1005: ',' expected.
components/Untitled-1.ts(1082,27): error TS1005: ',' expected.
components/Untitled-1.ts(1084,40): error TS1136: Property assignment expected.
components/Untitled-1.ts(1084,51): error TS1005: ';' expected.
components/Untitled-1.ts(1095,28): error TS1128: Declaration or statement expected.
components/Untitled-1.ts(1096,40): error TS1136: Property assignment expected.
components/Untitled-1.ts(1096,44): error TS1005: ';' expected.
components/Untitled-1.ts(1099,28): error TS1128: Declaration or statement expected.
components/Untitled-1.ts(1101,52): error TS1005: ',' expected.
components/Untitled-1.ts(1101,60): error TS1128: Declaration or statement expected.
components/Untitled-1.ts(1103,35): error TS1136: Property assignment expected.
components/Untitled-1.ts(1103,38): error TS1005: ';' expected.
components/Untitled-1.ts(1110,27): error TS1128: Declaration or statement expected.
components/Untitled-1.ts(1111,36): error TS1136: Property assignment expected.
components/Untitled-1.ts(1111,39): error TS1005: ';' expected.
components/Untitled-1.ts(1113,27): error TS1128: Declaration or statement expected.
components/Untitled-1.ts(1114,37): error TS1136: Property assignment expected.
components/Untitled-1.ts(1114,39): error TS1005: ';' expected.
components/Untitled-1.ts(1114,87): error TS1128: Declaration or statement expected.
components/Untitled-1.ts(1115,45): error TS1136: Property assignment expected.
components/Untitled-1.ts(1115,48): error TS1005: ';' expected.
components/Untitled-1.ts(1117,28): error TS1128: Declaration or statement expected.
components/Untitled-1.ts(1119,48): error TS1005: ',' expected.
components/Untitled-1.ts(1119,59): error TS1128: Declaration or statement expected.
components/Untitled-1.ts(1120,39): error TS1136: Property assignment expected.
components/Untitled-1.ts(1120,42): error TS1005: ';' expected.
components/Untitled-1.ts(1120,67): error TS1128: Declaration or statement expected.
components/Untitled-1.ts(1121,48): error TS1005: ',' expected.
components/Untitled-1.ts(1121,53): error TS1128: Declaration or statement expected.
components/Untitled-1.ts(1122,48): error TS1005: ',' expected.
components/Untitled-1.ts(1122,53): error TS1128: Declaration or statement expected.
components/Untitled-1.ts(1123,70): error TS1005: ',' expected.
components/Untitled-1.ts(1123,75): error TS1128: Declaration or statement expected.
components/Untitled-1.ts(1124,25): error TS1161: Unterminated regular expression literal.
components/Untitled-1.ts(1125,23): error TS1128: Declaration or statement expected.
components/Untitled-1.ts(1126,21): error TS1128: Declaration or statement expected.
components/Untitled-1.ts(1126,22): error TS1128: Declaration or statement expected.
components/Untitled-1.ts(1126,23): error TS1128: Declaration or statement expected.
components/Untitled-1.ts(1127,20): error TS1110: Type expected.
components/Untitled-1.ts(1128,17): error TS1128: Declaration or statement expected.
components/Untitled-1.ts(1128,18): error TS1128: Declaration or statement expected.
components/Untitled-1.ts(1128,19): error TS1128: Declaration or statement expected.
components/Untitled-1.ts(1129,15): error TS1128: Declaration or statement expected.
components/Untitled-1.ts(1129,16): error TS1128: Declaration or statement expected.
components/Untitled-1.ts(1130,14): error TS1110: Type expected.
components/Untitled-1.ts(1131,12): error TS1161: Unterminated regular expression literal.
components/Untitled-1.ts(1133,18): error TS1005: '>' expected.
components/Untitled-1.ts(1133,27): error TS1005: ')' expected.
components/Untitled-1.ts(1134,18): error TS1005: ';' expected.
components/Untitled-1.ts(1134,23): error TS1434: Unexpected keyword or identifier.
components/Untitled-1.ts(1134,29): error TS1434: Unexpected keyword or identifier.
components/Untitled-1.ts(1134,38): error TS1434: Unexpected keyword or identifier.
components/Untitled-1.ts(1134,46): error TS1005: ';' expected.
components/Untitled-1.ts(1134,58): error TS1005: ';' expected.
components/Untitled-1.ts(1134,62): error TS1005: '(' expected.
components/Untitled-1.ts(1134,66): error TS1005: ';' expected.
components/Untitled-1.ts(1134,74): error TS1005: ';' expected.
components/Untitled-1.ts(1134,81): error TS1005: ')' expected.
components/Untitled-1.ts(1134,86): error TS1005: ';' expected.
components/Untitled-1.ts(1135,13): error TS1003: Identifier expected.
components/Untitled-1.ts(1135,14): error TS1161: Unterminated regular expression literal.
components/Untitled-1.ts(1136,11): error TS1128: Declaration or statement expected.
components/Untitled-1.ts(1137,10): error TS1110: Type expected.
components/Untitled-1.ts(1138,7): error TS1128: Declaration or statement expected.
components/Untitled-1.ts(1138,8): error TS1128: Declaration or statement expected.
components/Untitled-1.ts(1139,6): error TS1110: Type expected.
components/Untitled-1.ts(1140,3): error TS1128: Declaration or statement expected.
components/Untitled-1.ts(1141,1): error TS1128: Declaration or statement expected.
components/Untitled-1.ts(1141,2): error TS1128: Declaration or statement expected.
components/Untitled-1.ts(2148,12): error TS1005: '>' expected.
components/Untitled-1.ts(2148,21): error TS1005: ')' expected.
components/Untitled-1.ts(2149,14): error TS1005: '>' expected.
components/Untitled-1.ts(2149,23): error TS1005: ';' expected.
components/Untitled-1.ts(2150,20): error TS1005: '>' expected.
components/Untitled-1.ts(2150,29): error TS1005: ';' expected.
components/Untitled-1.ts(2150,68): error TS1109: Expression expected.
components/Untitled-1.ts(2151,16): error TS1005: '>' expected.
components/Untitled-1.ts(2151,25): error TS1005: ';' expected.
components/Untitled-1.ts(2151,56): error TS1005: ';' expected.
components/Untitled-1.ts(2151,60): error TS1128: Declaration or statement expected.
components/Untitled-1.ts(2151,64): error TS1110: Type expected.
components/Untitled-1.ts(2152,10): error TS1161: Unterminated regular expression literal.
components/Untitled-1.ts(2153,8): error TS1161: Unterminated regular expression literal.
components/Untitled-1.ts(2154,5): error TS1128: Declaration or statement expected.
components/Untitled-1.ts(2158,10): error TS1005: '>' expected.
components/Untitled-1.ts(2158,19): error TS1005: ')' expected.
components/Untitled-1.ts(2159,12): error TS1005: '>' expected.
components/Untitled-1.ts(2159,21): error TS1005: ';' expected.
components/Untitled-1.ts(2160,14): error TS1005: '>' expected.
components/Untitled-1.ts(2160,23): error TS1005: ';' expected.
components/Untitled-1.ts(2161,17): error TS1005: '>' expected.
components/Untitled-1.ts(2161,21): error TS1005: ';' expected.
components/Untitled-1.ts(2162,21): error TS1005: '>' expected.
components/Untitled-1.ts(2162,28): error TS1005: ';' expected.
components/Untitled-1.ts(2162,39): error TS1005: ';' expected.
components/Untitled-1.ts(2163,26): error TS1005: '>' expected.
components/Untitled-1.ts(2163,35): error TS1005: ';' expected.
components/Untitled-1.ts(2163,52): error TS1109: Expression expected.
components/Untitled-1.ts(2165,14): error TS1161: Unterminated regular expression literal.
components/Untitled-1.ts(2166,12): error TS1161: Unterminated regular expression literal.
components/Untitled-1.ts(2168,17): error TS1005: '>' expected.
components/Untitled-1.ts(2168,26): error TS1005: ';' expected.
components/Untitled-1.ts(2168,71): error TS1005: ';' expected.
components/Untitled-1.ts(2168,85): error TS1161: Unterminated regular expression literal.
components/Untitled-1.ts(2169,16): error TS1005: ';' expected.
components/Untitled-1.ts(2169,49): error TS1005: ';' expected.
components/Untitled-1.ts(2169,56): error TS1434: Unexpected keyword or identifier.
components/Untitled-1.ts(2169,61): error TS1434: Unexpected keyword or identifier.
components/Untitled-1.ts(2169,66): error TS1434: Unexpected keyword or identifier.
components/Untitled-1.ts(2169,71): error TS1434: Unexpected keyword or identifier.
components/Untitled-1.ts(2169,97): error TS1005: ';' expected.
components/Untitled-1.ts(2169,103): error TS1161: Unterminated regular expression literal.
components/Untitled-1.ts(2170,12): error TS1161: Unterminated regular expression literal.
components/Untitled-1.ts(2171,10): error TS1161: Unterminated regular expression literal.
components/Untitled-1.ts(2172,8): error TS1161: Unterminated regular expression literal.
components/Untitled-1.ts(2174,13): error TS1005: ';' expected.
components/Untitled-1.ts(2176,22): error TS1005: '>' expected.
components/Untitled-1.ts(2176,31): error TS1005: ';' expected.
components/Untitled-1.ts(2177,23): error TS1005: '>' expected.
components/Untitled-1.ts(2177,32): error TS1005: ';' expected.
components/Untitled-1.ts(2177,44): error TS1109: Expression expected.
components/Untitled-1.ts(2178,20): error TS1005: ';' expected.
components/Untitled-1.ts(2179,12): error TS1161: Unterminated regular expression literal.
components/Untitled-1.ts(2180,10): error TS1161: Unterminated regular expression literal.
components/Untitled-1.ts(2181,22): error TS1005: ';' expected.
components/Untitled-1.ts(2182,16): error TS1005: '>' expected.
components/Untitled-1.ts(2182,25): error TS1005: ';' expected.
components/Untitled-1.ts(2183,20): error TS1005: '>' expected.
components/Untitled-1.ts(2183,27): error TS1005: ';' expected.
components/Untitled-1.ts(2183,48): error TS1005: ';' expected.
components/Untitled-1.ts(2183,58): error TS1005: ',' expected.
components/Untitled-1.ts(2183,70): error TS1005: ',' expected.
components/Untitled-1.ts(2183,73): error TS1005: ',' expected.
components/Untitled-1.ts(2183,81): error TS1161: Unterminated regular expression literal.
components/Untitled-1.ts(2190,14): error TS1109: Expression expected.
components/Untitled-1.ts(2191,24): error TS1005: ',' expected.
components/Untitled-1.ts(2192,22): error TS1005: '>' expected.
components/Untitled-1.ts(2192,31): error TS1005: ')' expected.
components/Untitled-1.ts(2192,220): error TS1109: Expression expected.
components/Untitled-1.ts(2194,37): error TS1005: ';' expected.
components/Untitled-1.ts(2194,39): error TS1110: Type expected.
components/Untitled-1.ts(2195,22): error TS1161: Unterminated regular expression literal.
components/Untitled-1.ts(2197,30): error TS1005: '>' expected.
components/Untitled-1.ts(2197,39): error TS1005: ')' expected.
components/Untitled-1.ts(2198,42): error TS1005: '>' expected.
components/Untitled-1.ts(2198,51): error TS1005: ';' expected.
components/Untitled-1.ts(2198,63): error TS1109: Expression expected.
components/Untitled-1.ts(2199,40): error TS1005: ';' expected.
components/Untitled-1.ts(2199,47): error TS1161: Unterminated regular expression literal.
components/Untitled-1.ts(2200,26): error TS1161: Unterminated regular expression literal.
components/Untitled-1.ts(2201,21): error TS1128: Declaration or statement expected.
components/Untitled-1.ts(2202,18): error TS1110: Type expected.
components/Untitled-1.ts(2203,13): error TS1128: Declaration or statement expected.
components/Untitled-1.ts(2204,12): error TS1110: Type expected.
components/Untitled-1.ts(2206,16): error TS1005: ';' expected.
components/Untitled-1.ts(2208,17): error TS1003: Identifier expected.
components/Untitled-1.ts(2209,21): error TS1005: ',' expected.
components/Untitled-1.ts(2210,21): error TS1005: ',' expected.
components/Untitled-1.ts(2212,35): error TS1005: '>' expected.
components/Untitled-1.ts(2212,44): error TS1005: ',' expected.
components/Untitled-1.ts(2212,45): error TS1003: Identifier expected.
components/Untitled-1.ts(2212,60): error TS1138: Parameter declaration expected.
components/Untitled-1.ts(2212,61): error TS1109: Expression expected.
components/Untitled-1.ts(2213,26): error TS1005: ';' expected.
components/Untitled-1.ts(2214,18): error TS1161: Unterminated regular expression literal.
components/Untitled-1.ts(2215,13): error TS1128: Declaration or statement expected.
components/Untitled-1.ts(2215,15): error TS1128: Declaration or statement expected.
components/Untitled-1.ts(2216,25): error TS1005: '>' expected.
components/Untitled-1.ts(2216,32): error TS1005: ')' expected.
components/Untitled-1.ts(2216,53): error TS1005: ';' expected.
components/Untitled-1.ts(2216,78): error TS1005: ',' expected.
components/Untitled-1.ts(2216,91): error TS1128: Declaration or statement expected.
components/Untitled-1.ts(2218,21): error TS1003: Identifier expected.
components/Untitled-1.ts(2218,22): error TS1138: Parameter declaration expected.
components/Untitled-1.ts(2219,34): error TS1005: '>' expected.
components/Untitled-1.ts(2219,43): error TS1005: ';' expected.
components/Untitled-1.ts(2219,73): error TS1109: Expression expected.
components/Untitled-1.ts(2220,36): error TS1005: ';' expected.
components/Untitled-1.ts(2220,40): error TS1128: Declaration or statement expected.
components/Untitled-1.ts(2221,22): error TS1110: Type expected.
components/Untitled-1.ts(2222,21): error TS1128: Declaration or statement expected.
components/Untitled-1.ts(2222,23): error TS1128: Declaration or statement expected.
components/Untitled-1.ts(2223,22): error TS1110: Type expected.
components/Untitled-1.ts(2224,36): error TS1005: '>' expected.
components/Untitled-1.ts(2224,45): error TS1005: ')' expected.
components/Untitled-1.ts(2224,62): error TS1109: Expression expected.
components/Untitled-1.ts(2225,32): error TS1005: ';' expected.
components/Untitled-1.ts(2226,22): error TS1161: Unterminated regular expression literal.
components/Untitled-1.ts(2227,21): error TS1128: Declaration or statement expected.
components/Untitled-1.ts(2227,22): error TS1128: Declaration or statement expected.
components/Untitled-1.ts(2228,18): error TS1110: Type expected.
components/Untitled-1.ts(2229,13): error TS1128: Declaration or statement expected.
components/Untitled-1.ts(2229,14): error TS1128: Declaration or statement expected.
components/Untitled-1.ts(2230,12): error TS1110: Type expected.
components/Untitled-1.ts(2231,10): error TS1161: Unterminated regular expression literal.
components/Untitled-1.ts(2232,8): error TS1161: Unterminated regular expression literal.
components/Untitled-1.ts(2235,15): error TS1005: '>' expected.
components/Untitled-1.ts(2235,24): error TS1005: ')' expected.
components/Untitled-1.ts(2236,24): error TS1005: '>' expected.
components/Untitled-1.ts(2236,33): error TS1005: ';' expected.
components/Untitled-1.ts(2237,18): error TS1005: '>' expected.
components/Untitled-1.ts(2237,27): error TS1005: ';' expected.
components/Untitled-1.ts(2238,20): error TS1005: '>' expected.
components/Untitled-1.ts(2238,29): error TS1005: ';' expected.
components/Untitled-1.ts(2239,23): error TS1005: '>' expected.
components/Untitled-1.ts(2239,32): error TS1005: ';' expected.
components/Untitled-1.ts(2239,53): error TS1005: ';' expected.
components/Untitled-1.ts(2239,63): error TS1003: Identifier expected.
components/Untitled-1.ts(2239,64): error TS1161: Unterminated regular expression literal.
components/Untitled-1.ts(2241,15): error TS1003: Identifier expected.
components/Untitled-1.ts(2241,16): error TS1161: Unterminated regular expression literal.
components/Untitled-1.ts(2242,14): error TS1161: Unterminated regular expression literal.
components/Untitled-1.ts(2243,12): error TS1161: Unterminated regular expression literal.
components/Untitled-1.ts(2244,10): error TS1161: Unterminated regular expression literal.
components/Untitled-1.ts(2245,7): error TS1128: Declaration or statement expected.
components/Untitled-1.ts(2248,10): error TS1110: Type expected.
components/Untitled-1.ts(2249,16): error TS1005: '>' expected.
components/Untitled-1.ts(2249,25): error TS1005: ')' expected.
components/Untitled-1.ts(2250,18): error TS1005: '>' expected.
components/Untitled-1.ts(2250,27): error TS1005: ';' expected.
components/Untitled-1.ts(2251,20): error TS1005: '>' expected.
components/Untitled-1.ts(2251,29): error TS1005: ';' expected.
components/Untitled-1.ts(2253,23): error TS1005: '>' expected.
components/Untitled-1.ts(2253,32): error TS1005: ';' expected.
components/Untitled-1.ts(2253,62): error TS1005: ';' expected.
components/Untitled-1.ts(2253,72): error TS1161: Unterminated regular expression literal.
components/Untitled-1.ts(2254,22): error TS1005: ';' expected.
components/Untitled-1.ts(2255,26): error TS1005: ':' expected.
components/Untitled-1.ts(2255,71): error TS1005: ':' expected.
components/Untitled-1.ts(2257,29): error TS1005: '>' expected.
components/Untitled-1.ts(2257,38): error TS1005: ')' expected.
components/Untitled-1.ts(2258,34): error TS1005: ')' expected.
components/Untitled-1.ts(2258,48): error TS1161: Unterminated regular expression literal.
components/Untitled-1.ts(2258,75): error TS1005: ';' expected.
components/Untitled-1.ts(2259,24): error TS1110: Type expected.
components/Untitled-1.ts(2260,21): error TS1128: Declaration or statement expected.
components/Untitled-1.ts(2261,20): error TS1110: Type expected.
components/Untitled-1.ts(2262,18): error TS1161: Unterminated regular expression literal.
components/Untitled-1.ts(2263,22): error TS1005: ';' expected.
components/Untitled-1.ts(2264,37): error TS1005: ',' expected.
components/Untitled-1.ts(2265,26): error TS1005: '>' expected.
components/Untitled-1.ts(2265,35): error TS1005: ')' expected.
components/Untitled-1.ts(2266,32): error TS1005: '>' expected.
components/Untitled-1.ts(2266,41): error TS1005: ';' expected.
components/Untitled-1.ts(2266,66): error TS1109: Expression expected.
components/Untitled-1.ts(2267,37): error TS1005: ';' expected.
components/Untitled-1.ts(2267,42): error TS1128: Declaration or statement expected.
components/Untitled-1.ts(2267,46): error TS1110: Type expected.
components/Untitled-1.ts(2268,22): error TS1161: Unterminated regular expression literal.
components/Untitled-1.ts(2269,19): error TS1128: Declaration or statement expected.
components/Untitled-1.ts(2271,26): error TS1005: '>' expected.
components/Untitled-1.ts(2271,35): error TS1005: ')' expected.
components/Untitled-1.ts(2272,28): error TS1005: '>' expected.
components/Untitled-1.ts(2272,37): error TS1005: ':' expected.
components/Untitled-1.ts(2272,54): error TS1005: ';' expected.
components/Untitled-1.ts(2272,82): error TS1110: Type expected.
components/Untitled-1.ts(2273,31): error TS1005: ';' expected.
components/Untitled-1.ts(2273,47): error TS1005: ';' expected.
components/Untitled-1.ts(2273,57): error TS1005: ';' expected.
components/Untitled-1.ts(2275,24): error TS1161: Unterminated regular expression literal.
components/Untitled-1.ts(2276,22): error TS1161: Unterminated regular expression literal.
components/Untitled-1.ts(2277,19): error TS1128: Declaration or statement expected.
components/Untitled-1.ts(2277,21): error TS1128: Declaration or statement expected.
components/Untitled-1.ts(2279,21): error TS1005: '>' expected.
components/Untitled-1.ts(2279,28): error TS1005: ';' expected.
components/Untitled-1.ts(2280,38): error TS1005: ',' expected.
components/Untitled-1.ts(2280,79): error TS1128: Declaration or statement expected.
components/Untitled-1.ts(2286,23): error TS1003: Identifier expected.
components/Untitled-1.ts(2286,24): error TS1138: Parameter declaration expected.
components/Untitled-1.ts(2287,34): error TS1005: '>' expected.
components/Untitled-1.ts(2287,43): error TS1005: ';' expected.
components/Untitled-1.ts(2287,73): error TS1109: Expression expected.
components/Untitled-1.ts(2288,31): error TS1005: ';' expected.
components/Untitled-1.ts(2289,24): error TS1110: Type expected.
components/Untitled-1.ts(2290,21): error TS1128: Declaration or statement expected.
components/Untitled-1.ts(2290,23): error TS1128: Declaration or statement expected.
components/Untitled-1.ts(2291,24): error TS1110: Type expected.
components/Untitled-1.ts(2292,31): error TS1005: '>' expected.
components/Untitled-1.ts(2292,40): error TS1005: ')' expected.
components/Untitled-1.ts(2292,57): error TS1109: Expression expected.
components/Untitled-1.ts(2294,24): error TS1161: Unterminated regular expression literal.
components/Untitled-1.ts(2295,21): error TS1128: Declaration or statement expected.
components/Untitled-1.ts(2295,22): error TS1128: Declaration or statement expected.
components/Untitled-1.ts(2296,20): error TS1110: Type expected.
components/Untitled-1.ts(2297,27): error TS1005: ';' expected.
components/Untitled-1.ts(2297,60): error TS1005: ';' expected.
components/Untitled-1.ts(2297,77): error TS1005: ',' expected.
components/Untitled-1.ts(2297,96): error TS1128: Declaration or statement expected.
components/Untitled-1.ts(2297,97): error TS1109: Expression expected.
components/Untitled-1.ts(2299,23): error TS1003: Identifier expected.
components/Untitled-1.ts(2299,24): error TS1138: Parameter declaration expected.
components/Untitled-1.ts(2300,34): error TS1005: '>' expected.
components/Untitled-1.ts(2300,43): error TS1005: ';' expected.
components/Untitled-1.ts(2300,73): error TS1109: Expression expected.
components/Untitled-1.ts(2301,31): error TS1005: ';' expected.
components/Untitled-1.ts(2302,24): error TS1110: Type expected.
components/Untitled-1.ts(2303,21): error TS1128: Declaration or statement expected.
components/Untitled-1.ts(2303,23): error TS1128: Declaration or statement expected.
components/Untitled-1.ts(2304,24): error TS1110: Type expected.
components/Untitled-1.ts(2305,31): error TS1005: '>' expected.
components/Untitled-1.ts(2305,40): error TS1005: ')' expected.
components/Untitled-1.ts(2305,57): error TS1109: Expression expected.
components/Untitled-1.ts(2306,41): error TS1005: ';' expected.
components/Untitled-1.ts(2307,24): error TS1161: Unterminated regular expression literal.
components/Untitled-1.ts(2308,21): error TS1128: Declaration or statement expected.
components/Untitled-1.ts(2308,22): error TS1128: Declaration or statement expected.
components/Untitled-1.ts(2309,20): error TS1110: Type expected.
components/Untitled-1.ts(2310,27): error TS1005: ';' expected.
components/Untitled-1.ts(2310,45): error TS1005: ';' expected.
components/Untitled-1.ts(2310,54): error TS1136: Property assignment expected.
components/Untitled-1.ts(2310,57): error TS1005: ';' expected.
components/Untitled-1.ts(2310,79): error TS1128: Declaration or statement expected.
components/Untitled-1.ts(2311,24): error TS1005: '>' expected.
components/Untitled-1.ts(2311,33): error TS1005: ';' expected.
components/Untitled-1.ts(2311,45): error TS1109: Expression expected.
components/Untitled-1.ts(2312,20): error TS1110: Type expected.
components/Untitled-1.ts(2313,18): error TS1161: Unterminated regular expression literal.
components/Untitled-1.ts(2314,16): error TS1161: Unterminated regular expression literal.
components/Untitled-1.ts(2316,20): error TS1005: ';' expected.
components/Untitled-1.ts(2317,26): error TS1005: ',' expected.
components/Untitled-1.ts(2321,23): error TS1005: '>' expected.
components/Untitled-1.ts(2321,26): error TS1005: ')' expected.
components/Untitled-1.ts(2321,35): error TS1005: ',' expected.
components/Untitled-1.ts(2332,66): error TS1005: ',' expected.
components/Untitled-1.ts(2332,79): error TS1005: ':' expected.
components/Untitled-1.ts(2333,43): error TS1136: Property assignment expected.
components/Untitled-1.ts(2333,58): error TS1005: ';' expected.
components/Untitled-1.ts(2336,23): error TS1005: ',' expected.
components/Untitled-1.ts(2337,23): error TS1005: ',' expected.
components/Untitled-1.ts(2338,23): error TS1005: ',' expected.
components/Untitled-1.ts(2339,23): error TS1005: ',' expected.
components/Untitled-1.ts(2339,49): error TS1005: ',' expected.
components/Untitled-1.ts(2340,23): error TS1005: ',' expected.
components/Untitled-1.ts(2341,23): error TS1005: ',' expected.
components/Untitled-1.ts(2341,43): error TS1136: Property assignment expected.
components/Untitled-1.ts(2341,63): error TS1005: ',' expected.
components/Untitled-1.ts(2341,103): error TS1005: ',' expected.
components/Untitled-1.ts(2342,42): error TS1136: Property assignment expected.
components/Untitled-1.ts(2342,101): error TS1005: ';' expected.
components/Untitled-1.ts(2344,23): error TS1128: Declaration or statement expected.
components/Untitled-1.ts(2349,22): error TS1109: Expression expected.
components/Untitled-1.ts(2350,19): error TS1109: Expression expected.
components/Untitled-1.ts(2351,17): error TS1128: Declaration or statement expected.
components/Untitled-1.ts(2351,18): error TS1128: Declaration or statement expected.
components/Untitled-1.ts(2351,19): error TS1128: Declaration or statement expected.
components/Untitled-1.ts(2352,16): error TS1110: Type expected.
components/Untitled-1.ts(2356,17): error TS1005: '>' expected.
components/Untitled-1.ts(2356,24): error TS1005: ';' expected.
components/Untitled-1.ts(2357,28): error TS1136: Property assignment expected.
components/Untitled-1.ts(2361,19): error TS1128: Declaration or statement expected.
components/Untitled-1.ts(2364,22): error TS1005: '>' expected.
components/Untitled-1.ts(2364,31): error TS1005: ';' expected.
components/Untitled-1.ts(2365,48): error TS1005: ',' expected.
components/Untitled-1.ts(2365,68): error TS1005: ',' expected.
components/Untitled-1.ts(2365,69): error TS1109: Expression expected.
components/Untitled-1.ts(2365,71): error TS1109: Expression expected.
components/Untitled-1.ts(2365,86): error TS1005: '>' expected.
components/Untitled-1.ts(2365,95): error TS1005: ';' expected.
components/Untitled-1.ts(2365,107): error TS1109: Expression expected.
components/Untitled-1.ts(2365,108): error TS1109: Expression expected.
components/Untitled-1.ts(2366,43): error TS1005: '>' expected.
components/Untitled-1.ts(2366,52): error TS1005: ';' expected.
components/Untitled-1.ts(2366,91): error TS1005: ',' expected.
components/Untitled-1.ts(2366,100): error TS1161: Unterminated regular expression literal.
components/Untitled-1.ts(2367,18): error TS1110: Type expected.
components/Untitled-1.ts(2368,16): error TS1161: Unterminated regular expression literal.
components/Untitled-1.ts(2372,22): error TS1005: '>' expected.
components/Untitled-1.ts(2372,31): error TS1005: ')' expected.
components/Untitled-1.ts(2373,24): error TS1005: '>' expected.
components/Untitled-1.ts(2373,33): error TS1005: ';' expected.
components/Untitled-1.ts(2374,26): error TS1005: '>' expected.
components/Untitled-1.ts(2374,35): error TS1005: ';' expected.
components/Untitled-1.ts(2375,36): error TS1005: '>' expected.
components/Untitled-1.ts(2375,45): error TS1005: ';' expected.
components/Untitled-1.ts(2375,70): error TS1109: Expression expected.
components/Untitled-1.ts(2376,34): error TS1005: ';' expected.
components/Untitled-1.ts(2377,22): error TS1161: Unterminated regular expression literal.
components/Untitled-1.ts(2378,26): error TS1005: ';' expected.
components/Untitled-1.ts(2379,28): error TS1005: '>' expected.
components/Untitled-1.ts(2379,37): error TS1005: ';' expected.
components/Untitled-1.ts(2379,76): error TS1005: ',' expected.
components/Untitled-1.ts(2379,85): error TS1005: ';' expected.
components/Untitled-1.ts(2379,93): error TS1161: Unterminated regular expression literal.
components/Untitled-1.ts(2386,31): error TS1005: ';' expected.
components/Untitled-1.ts(2387,24): error TS1161: Unterminated regular expression literal.
components/Untitled-1.ts(2388,22): error TS1161: Unterminated regular expression literal.
components/Untitled-1.ts(2389,20): error TS1161: Unterminated regular expression literal.
components/Untitled-1.ts(2390,24): error TS1005: ';' expected.
components/Untitled-1.ts(2391,35): error TS1005: ',' expected.
components/Untitled-1.ts(2392,28): error TS1005: '>' expected.
components/Untitled-1.ts(2392,37): error TS1005: ')' expected.
components/Untitled-1.ts(2392,76): error TS1005: ':' expected.
components/Untitled-1.ts(2392,88): error TS1005: ',' expected.
components/Untitled-1.ts(2392,97): error TS1005: ',' expected.
components/Untitled-1.ts(2392,100): error TS1005: ',' expected.
components/Untitled-1.ts(2392,108): error TS1005: ',' expected.
components/Untitled-1.ts(2392,113): error TS1139: Type parameter declaration expected.
components/Untitled-1.ts(2393,21): error TS1109: Expression expected.
components/Untitled-1.ts(2393,23): error TS1128: Declaration or statement expected.
components/Untitled-1.ts(2402,29): error TS1005: '>' expected.
components/Untitled-1.ts(2402,32): error TS1005: ')' expected.
components/Untitled-1.ts(2403,40): error TS1136: Property assignment expected.
components/Untitled-1.ts(2404,27): error TS1005: ',' expected.
components/Untitled-1.ts(2405,34): error TS1005: '>' expected.
components/Untitled-1.ts(2405,43): error TS1005: ',' expected.
components/Untitled-1.ts(2405,45): error TS1136: Property assignment expected.
components/Untitled-1.ts(2405,117): error TS1005: ',' expected.
components/Untitled-1.ts(2405,118): error TS1109: Expression expected.
components/Untitled-1.ts(2406,36): error TS1005: '>' expected.
components/Untitled-1.ts(2406,45): error TS1005: ';' expected.
components/Untitled-1.ts(2406,64): error TS1005: ';' expected.
components/Untitled-1.ts(2406,76): error TS1005: ',' expected.
components/Untitled-1.ts(2407,39): error TS1005: ',' expected.
components/Untitled-1.ts(2407,46): error TS1127: Invalid character.
components/Untitled-1.ts(2408,32): error TS1110: Type expected.
components/Untitled-1.ts(2409,36): error TS1005: ';' expected.
components/Untitled-1.ts(2410,38): error TS1005: '>' expected.
components/Untitled-1.ts(2410,47): error TS1005: ';' expected.
components/Untitled-1.ts(2411,41): error TS1005: ',' expected.
components/Untitled-1.ts(2421,34): error TS1161: Unterminated regular expression literal.
components/Untitled-1.ts(2423,44): error TS1136: Property assignment expected.
components/Untitled-1.ts(2423,47): error TS1005: ';' expected.
components/Untitled-1.ts(2423,79): error TS1128: Declaration or statement expected.
components/Untitled-1.ts(2427,38): error TS1005: '>' expected.
components/Untitled-1.ts(2427,47): error TS1005: ';' expected.
components/Untitled-1.ts(2427,63): error TS1109: Expression expected.
components/Untitled-1.ts(2428,34): error TS1110: Type expected.
components/Untitled-1.ts(2429,32): error TS1161: Unterminated regular expression literal.
components/Untitled-1.ts(2430,30): error TS1161: Unterminated regular expression literal.
components/Untitled-1.ts(2432,34): error TS1005: ';' expected.
components/Untitled-1.ts(2433,37): error TS1005: ',' expected.
components/Untitled-1.ts(2433,70): error TS1005: ';' expected.
components/Untitled-1.ts(2433,108): error TS1005: ':' expected.
components/Untitled-1.ts(2435,30): error TS1110: Type expected.
components/Untitled-1.ts(2437,34): error TS1005: ';' expected.
components/Untitled-1.ts(2437,55): error TS1005: ',' expected.
components/Untitled-1.ts(2438,37): error TS1005: ',' expected.
components/Untitled-1.ts(2439,34): error TS1110: Type expected.
components/Untitled-1.ts(2440,43): error TS1005: ')' expected.
components/Untitled-1.ts(2440,45): error TS1005: ',' expected.
components/Untitled-1.ts(2441,41): error TS1005: '>' expected.
components/Untitled-1.ts(2441,50): error TS1005: ';' expected.
components/Untitled-1.ts(2441,73): error TS1005: ',' expected.
components/Untitled-1.ts(2441,111): error TS1161: Unterminated regular expression literal.
components/Untitled-1.ts(2442,52): error TS1005: '>' expected.
components/Untitled-1.ts(2442,61): error TS1005: ';' expected.
components/Untitled-1.ts(2442,85): error TS1005: ',' expected.
components/Untitled-1.ts(2442,101): error TS1161: Unterminated regular expression literal.
components/Untitled-1.ts(2443,34): error TS1161: Unterminated regular expression literal.
components/Untitled-1.ts(2444,31): error TS1128: Declaration or statement expected.
components/Untitled-1.ts(2444,32): error TS1128: Declaration or statement expected.
components/Untitled-1.ts(2446,34): error TS1110: Type expected.
components/Untitled-1.ts(2447,40): error TS1005: ')' expected.
components/Untitled-1.ts(2447,52): error TS1005: '>' expected.
components/Untitled-1.ts(2447,61): error TS1005: ';' expected.
components/Untitled-1.ts(2447,84): error TS1005: ',' expected.
components/Untitled-1.ts(2447,95): error TS1161: Unterminated regular expression literal.
components/Untitled-1.ts(2448,41): error TS1005: ';' expected.
components/Untitled-1.ts(2448,73): error TS1005: ',' expected.
components/Untitled-1.ts(2448,89): error TS1161: Unterminated regular expression literal.
components/Untitled-1.ts(2449,34): error TS1161: Unterminated regular expression literal.
components/Untitled-1.ts(2450,31): error TS1128: Declaration or statement expected.
components/Untitled-1.ts(2451,30): error TS1110: Type expected.
components/Untitled-1.ts(2452,28): error TS1161: Unterminated regular expression literal.
components/Untitled-1.ts(2453,25): error TS1128: Declaration or statement expected.
components/Untitled-1.ts(2454,23): error TS1128: Declaration or statement expected.
components/Untitled-1.ts(2454,24): error TS1128: Declaration or statement expected.
components/Untitled-1.ts(2455,21): error TS1128: Declaration or statement expected.
components/Untitled-1.ts(2455,22): error TS1128: Declaration or statement expected.
components/Untitled-1.ts(2456,20): error TS1110: Type expected.
components/Untitled-1.ts(2457,18): error TS1161: Unterminated regular expression literal.
components/Untitled-1.ts(2458,15): error TS1128: Declaration or statement expected.
components/Untitled-1.ts(2458,16): error TS1128: Declaration or statement expected.
components/Untitled-1.ts(2459,14): error TS1110: Type expected.
components/Untitled-1.ts(2460,12): error TS1161: Unterminated regular expression literal.
components/Untitled-1.ts(2461,10): error TS1161: Unterminated regular expression literal.
components/Untitled-1.ts(2462,7): error TS1128: Declaration or statement expected.
components/Untitled-1.ts(2462,8): error TS1128: Declaration or statement expected.
components/Untitled-1.ts(2466,9): error TS1005: '>' expected.
components/Untitled-1.ts(2466,15): error TS1005: ';' expected.
components/Untitled-1.ts(2467,18): error TS1136: Property assignment expected.
components/Untitled-1.ts(2467,21): error TS1005: ';' expected.
components/Untitled-1.ts(2467,47): error TS1128: Declaration or statement expected.
components/Untitled-1.ts(2468,33): error TS1005: ',' expected.
components/Untitled-1.ts(2468,38): error TS1128: Declaration or statement expected.
components/Untitled-1.ts(2471,8): error TS1109: Expression expected.
components/Untitled-1.ts(2472,6): error TS1110: Type expected.
components/Untitled-1.ts(2473,3): error TS1128: Declaration or statement expected.
components/Untitled-1.ts(2474,1): error TS1128: Declaration or statement expected.
